{"timestamp":"2026-01-11T18:17:07.808697Z","level":"info","event":"DAG bundles loaded: dags-folder","logger":"airflow.dag_processing.bundles.manager.DagBundlesManager","filename":"manager.py","lineno":179}
{"timestamp":"2026-01-11T18:17:07.810260Z","level":"info","event":"Filling up the DagBag from /opt/airflow/dags/ecom_pipeline.py","logger":"airflow.models.dagbag.DagBag","filename":"dagbag.py","lineno":593}
{"timestamp":"2026-01-11T18:17:07.830575Z","level":"warning","event":"The `airflow.operators.bash.BashOperator` attribute is deprecated. Please use `'airflow.providers.standard.operators.bash.BashOperator'`.","category":"DeprecatedImportWarning","filename":"/opt/airflow/dags/ecom_pipeline.py","lineno":2,"logger":"py.warnings"}
{"timestamp":"2026-01-11T18:17:07.856863Z","level":"info","event":"Tmp dir root location: /tmp","logger":"airflow.task.hooks.airflow.providers.standard.hooks.subprocess.SubprocessHook","filename":"subprocess.py","lineno":78}
{"timestamp":"2026-01-11T18:17:07.861278Z","level":"info","event":"Running command: ['/usr/bin/bash', '-c', 'python3 /opt/airflow/src/extract.py']","logger":"airflow.task.hooks.airflow.providers.standard.hooks.subprocess.SubprocessHook","filename":"subprocess.py","lineno":80}
{"timestamp":"2026-01-11T18:17:07.862360Z","level":"info","event":"Output:","logger":"airflow.task.hooks.airflow.providers.standard.hooks.subprocess.SubprocessHook","filename":"subprocess.py","lineno":92}
{"timestamp":"2026-01-11T18:17:08.702439Z","level":"info","event":"Warning: Looks like you're using an outdated `kagglehub` version (installed: 0.3.13), please consider upgrading to the latest version (0.4.0).","logger":"airflow.task.hooks.airflow.providers.standard.hooks.subprocess.SubprocessHook","filename":"subprocess.py","lineno":99}
{"timestamp":"2026-01-11T18:17:09.776031Z","level":"info","event":"Setting default log level to \"WARN\".","logger":"airflow.task.hooks.airflow.providers.standard.hooks.subprocess.SubprocessHook","filename":"subprocess.py","lineno":99}
{"timestamp":"2026-01-11T18:17:09.776449Z","level":"info","event":"To adjust logging level use sc.setLogLevel(newLevel). For SparkR, use setLogLevel(newLevel).","logger":"airflow.task.hooks.airflow.providers.standard.hooks.subprocess.SubprocessHook","filename":"subprocess.py","lineno":99}
{"timestamp":"2026-01-11T18:17:09.921850Z","level":"info","event":"26/01/11 18:17:09 WARN NativeCodeLoader: Unable to load native-hadoop library for your platform... using builtin-java classes where applicable","logger":"airflow.task.hooks.airflow.providers.standard.hooks.subprocess.SubprocessHook","filename":"subprocess.py","lineno":99}
{"timestamp":"2026-01-11T18:17:41.826762Z","level":"info","event":"\r[Stage 23:>                                                         (0 + 7) / 7]\r\r                                                                                \r\r[Stage 26:========>                                                 (1 + 6) / 7]\r\r[Stage 26:=================================================>        (6 + 1) / 7]\r\r                                                                                \r\r[Stage 29:========>                                                 (1 + 6) / 7]\r\r                                                                                \r\r[Stage 32:>                                                         (0 + 7) / 7]\r\r                                                                                \r\r[Stage 192:===================>                                     (1 + 2) / 3]\r\r                                                                                \r\r[Stage 193:>                                                        (0 + 7) / 7]\r\r[Stage 193:========>                                                (1 + 6) / 7]\r\r[Stage 193:================>                                        (2 + 5) / 7]\r\r                                                                                \r\r[Stage 194:>                                                        (0 + 4) / 4]\r\r[Stage 194:============================>                            (2 + 2) / 4]\r\r                                                                                \r\r[Stage 195:============================>                            (1 + 1) / 2]\r\r                                                                                \r\r[Stage 196:>                                                        (0 + 4) / 4]\r\r[Stage 196:==============>                                          (1 + 3) / 4]\r\r                                                                                \r\r[Stage 197:==================================>                      (3 + 2) / 5]\r\r                                                                                \rPath to dataset files: /home/airflow/.cache/kagglehub/datasets/olistbr/brazilian-ecommerce/versions/2","logger":"airflow.task.hooks.airflow.providers.standard.hooks.subprocess.SubprocessHook","filename":"subprocess.py","lineno":99}
{"timestamp":"2026-01-11T18:17:41.830769Z","level":"info","event":"____________________________________________________","logger":"airflow.task.hooks.airflow.providers.standard.hooks.subprocess.SubprocessHook","filename":"subprocess.py","lineno":99}
{"timestamp":"2026-01-11T18:17:41.830948Z","level":"info","event":"Loaded olist_customers with 99441 records.","logger":"airflow.task.hooks.airflow.providers.standard.hooks.subprocess.SubprocessHook","filename":"subprocess.py","lineno":99}
{"timestamp":"2026-01-11T18:17:41.831092Z","level":"info","event":"____________________________________________________","logger":"airflow.task.hooks.airflow.providers.standard.hooks.subprocess.SubprocessHook","filename":"subprocess.py","lineno":99}
{"timestamp":"2026-01-11T18:17:41.831233Z","level":"info","event":"Loaded olist_geolocation with 1000163 records.","logger":"airflow.task.hooks.airflow.providers.standard.hooks.subprocess.SubprocessHook","filename":"subprocess.py","lineno":99}
{"timestamp":"2026-01-11T18:17:41.831924Z","level":"info","event":"____________________________________________________","logger":"airflow.task.hooks.airflow.providers.standard.hooks.subprocess.SubprocessHook","filename":"subprocess.py","lineno":99}
{"timestamp":"2026-01-11T18:17:41.832029Z","level":"info","event":"Loaded olist_order_items with 112650 records.","logger":"airflow.task.hooks.airflow.providers.standard.hooks.subprocess.SubprocessHook","filename":"subprocess.py","lineno":99}
{"timestamp":"2026-01-11T18:17:41.832113Z","level":"info","event":"____________________________________________________","logger":"airflow.task.hooks.airflow.providers.standard.hooks.subprocess.SubprocessHook","filename":"subprocess.py","lineno":99}
{"timestamp":"2026-01-11T18:17:41.832231Z","level":"info","event":"Loaded olist_order_payments with 103886 records.","logger":"airflow.task.hooks.airflow.providers.standard.hooks.subprocess.SubprocessHook","filename":"subprocess.py","lineno":99}
{"timestamp":"2026-01-11T18:17:41.832394Z","level":"info","event":"____________________________________________________","logger":"airflow.task.hooks.airflow.providers.standard.hooks.subprocess.SubprocessHook","filename":"subprocess.py","lineno":99}
{"timestamp":"2026-01-11T18:17:41.832512Z","level":"info","event":"Loaded olist_order_reviews with 104162 records.","logger":"airflow.task.hooks.airflow.providers.standard.hooks.subprocess.SubprocessHook","filename":"subprocess.py","lineno":99}
{"timestamp":"2026-01-11T18:17:41.832637Z","level":"info","event":"____________________________________________________","logger":"airflow.task.hooks.airflow.providers.standard.hooks.subprocess.SubprocessHook","filename":"subprocess.py","lineno":99}
{"timestamp":"2026-01-11T18:17:41.832819Z","level":"info","event":"Column review_id (StringType()) in olist_order_reviews has 1 null values.","logger":"airflow.task.hooks.airflow.providers.standard.hooks.subprocess.SubprocessHook","filename":"subprocess.py","lineno":99}
{"timestamp":"2026-01-11T18:17:41.833036Z","level":"info","event":"____________________________________________________","logger":"airflow.task.hooks.airflow.providers.standard.hooks.subprocess.SubprocessHook","filename":"subprocess.py","lineno":99}
{"timestamp":"2026-01-11T18:17:41.833152Z","level":"info","event":"Column order_id (StringType()) in olist_order_reviews has 2236 null values.","logger":"airflow.task.hooks.airflow.providers.standard.hooks.subprocess.SubprocessHook","filename":"subprocess.py","lineno":99}
{"timestamp":"2026-01-11T18:17:41.833365Z","level":"info","event":"____________________________________________________","logger":"airflow.task.hooks.airflow.providers.standard.hooks.subprocess.SubprocessHook","filename":"subprocess.py","lineno":99}
{"timestamp":"2026-01-11T18:17:41.833436Z","level":"info","event":"Column review_score (StringType()) in olist_order_reviews has 2380 null values.","logger":"airflow.task.hooks.airflow.providers.standard.hooks.subprocess.SubprocessHook","filename":"subprocess.py","lineno":99}
{"timestamp":"2026-01-11T18:17:41.833737Z","level":"info","event":"____________________________________________________","logger":"airflow.task.hooks.airflow.providers.standard.hooks.subprocess.SubprocessHook","filename":"subprocess.py","lineno":99}
{"timestamp":"2026-01-11T18:17:41.833883Z","level":"info","event":"Column review_comment_title (StringType()) in olist_order_reviews has 92157 null values.","logger":"airflow.task.hooks.airflow.providers.standard.hooks.subprocess.SubprocessHook","filename":"subprocess.py","lineno":99}
{"timestamp":"2026-01-11T18:17:41.834073Z","level":"info","event":"____________________________________________________","logger":"airflow.task.hooks.airflow.providers.standard.hooks.subprocess.SubprocessHook","filename":"subprocess.py","lineno":99}
{"timestamp":"2026-01-11T18:17:41.834211Z","level":"info","event":"Column review_comment_message (StringType()) in olist_order_reviews has 63079 null values.","logger":"airflow.task.hooks.airflow.providers.standard.hooks.subprocess.SubprocessHook","filename":"subprocess.py","lineno":99}
{"timestamp":"2026-01-11T18:17:41.834708Z","level":"info","event":"____________________________________________________","logger":"airflow.task.hooks.airflow.providers.standard.hooks.subprocess.SubprocessHook","filename":"subprocess.py","lineno":99}
{"timestamp":"2026-01-11T18:17:41.834858Z","level":"info","event":"Column review_creation_date (StringType()) in olist_order_reviews has 8764 null values.","logger":"airflow.task.hooks.airflow.providers.standard.hooks.subprocess.SubprocessHook","filename":"subprocess.py","lineno":99}
{"timestamp":"2026-01-11T18:17:41.835090Z","level":"info","event":"____________________________________________________","logger":"airflow.task.hooks.airflow.providers.standard.hooks.subprocess.SubprocessHook","filename":"subprocess.py","lineno":99}
{"timestamp":"2026-01-11T18:17:41.835197Z","level":"info","event":"Column review_answer_timestamp (StringType()) in olist_order_reviews has 8785 null values.","logger":"airflow.task.hooks.airflow.providers.standard.hooks.subprocess.SubprocessHook","filename":"subprocess.py","lineno":99}
{"timestamp":"2026-01-11T18:17:41.835455Z","level":"info","event":"____________________________________________________","logger":"airflow.task.hooks.airflow.providers.standard.hooks.subprocess.SubprocessHook","filename":"subprocess.py","lineno":99}
{"timestamp":"2026-01-11T18:17:41.835551Z","level":"info","event":"Loaded olist_orders with 99441 records.","logger":"airflow.task.hooks.airflow.providers.standard.hooks.subprocess.SubprocessHook","filename":"subprocess.py","lineno":99}
{"timestamp":"2026-01-11T18:17:41.835644Z","level":"info","event":"____________________________________________________","logger":"airflow.task.hooks.airflow.providers.standard.hooks.subprocess.SubprocessHook","filename":"subprocess.py","lineno":99}
{"timestamp":"2026-01-11T18:17:41.835778Z","level":"info","event":"Column order_approved_at (StringType()) in olist_orders has 160 null values.","logger":"airflow.task.hooks.airflow.providers.standard.hooks.subprocess.SubprocessHook","filename":"subprocess.py","lineno":99}
{"timestamp":"2026-01-11T18:17:41.835945Z","level":"info","event":"____________________________________________________","logger":"airflow.task.hooks.airflow.providers.standard.hooks.subprocess.SubprocessHook","filename":"subprocess.py","lineno":99}
{"timestamp":"2026-01-11T18:17:41.836214Z","level":"info","event":"Column order_delivered_carrier_date (StringType()) in olist_orders has 1783 null values.","logger":"airflow.task.hooks.airflow.providers.standard.hooks.subprocess.SubprocessHook","filename":"subprocess.py","lineno":99}
{"timestamp":"2026-01-11T18:17:41.836421Z","level":"info","event":"____________________________________________________","logger":"airflow.task.hooks.airflow.providers.standard.hooks.subprocess.SubprocessHook","filename":"subprocess.py","lineno":99}
{"timestamp":"2026-01-11T18:17:41.836477Z","level":"info","event":"Column order_delivered_customer_date (StringType()) in olist_orders has 2965 null values.","logger":"airflow.task.hooks.airflow.providers.standard.hooks.subprocess.SubprocessHook","filename":"subprocess.py","lineno":99}
{"timestamp":"2026-01-11T18:17:41.836565Z","level":"info","event":"____________________________________________________","logger":"airflow.task.hooks.airflow.providers.standard.hooks.subprocess.SubprocessHook","filename":"subprocess.py","lineno":99}
{"timestamp":"2026-01-11T18:17:41.836645Z","level":"info","event":"Loaded olist_products with 32951 records.","logger":"airflow.task.hooks.airflow.providers.standard.hooks.subprocess.SubprocessHook","filename":"subprocess.py","lineno":99}
{"timestamp":"2026-01-11T18:17:41.836736Z","level":"info","event":"____________________________________________________","logger":"airflow.task.hooks.airflow.providers.standard.hooks.subprocess.SubprocessHook","filename":"subprocess.py","lineno":99}
{"timestamp":"2026-01-11T18:17:41.836815Z","level":"info","event":"Column product_category_name (StringType()) in olist_products has 610 null values.","logger":"airflow.task.hooks.airflow.providers.standard.hooks.subprocess.SubprocessHook","filename":"subprocess.py","lineno":99}
{"timestamp":"2026-01-11T18:17:41.836952Z","level":"info","event":"____________________________________________________","logger":"airflow.task.hooks.airflow.providers.standard.hooks.subprocess.SubprocessHook","filename":"subprocess.py","lineno":99}
{"timestamp":"2026-01-11T18:17:41.837021Z","level":"info","event":"Column product_name_lenght (StringType()) in olist_products has 610 null values.","logger":"airflow.task.hooks.airflow.providers.standard.hooks.subprocess.SubprocessHook","filename":"subprocess.py","lineno":99}
{"timestamp":"2026-01-11T18:17:41.837116Z","level":"info","event":"____________________________________________________","logger":"airflow.task.hooks.airflow.providers.standard.hooks.subprocess.SubprocessHook","filename":"subprocess.py","lineno":99}
{"timestamp":"2026-01-11T18:17:41.837202Z","level":"info","event":"Column product_description_lenght (StringType()) in olist_products has 610 null values.","logger":"airflow.task.hooks.airflow.providers.standard.hooks.subprocess.SubprocessHook","filename":"subprocess.py","lineno":99}
{"timestamp":"2026-01-11T18:17:41.837288Z","level":"info","event":"____________________________________________________","logger":"airflow.task.hooks.airflow.providers.standard.hooks.subprocess.SubprocessHook","filename":"subprocess.py","lineno":99}
{"timestamp":"2026-01-11T18:17:41.837398Z","level":"info","event":"Column product_photos_qty (StringType()) in olist_products has 610 null values.","logger":"airflow.task.hooks.airflow.providers.standard.hooks.subprocess.SubprocessHook","filename":"subprocess.py","lineno":99}
{"timestamp":"2026-01-11T18:17:41.837479Z","level":"info","event":"____________________________________________________","logger":"airflow.task.hooks.airflow.providers.standard.hooks.subprocess.SubprocessHook","filename":"subprocess.py","lineno":99}
{"timestamp":"2026-01-11T18:17:41.837551Z","level":"info","event":"Column product_weight_g (StringType()) in olist_products has 2 null values.","logger":"airflow.task.hooks.airflow.providers.standard.hooks.subprocess.SubprocessHook","filename":"subprocess.py","lineno":99}
{"timestamp":"2026-01-11T18:17:41.837627Z","level":"info","event":"____________________________________________________","logger":"airflow.task.hooks.airflow.providers.standard.hooks.subprocess.SubprocessHook","filename":"subprocess.py","lineno":99}
{"timestamp":"2026-01-11T18:17:41.837711Z","level":"info","event":"Column product_length_cm (StringType()) in olist_products has 2 null values.","logger":"airflow.task.hooks.airflow.providers.standard.hooks.subprocess.SubprocessHook","filename":"subprocess.py","lineno":99}
{"timestamp":"2026-01-11T18:17:41.837780Z","level":"info","event":"____________________________________________________","logger":"airflow.task.hooks.airflow.providers.standard.hooks.subprocess.SubprocessHook","filename":"subprocess.py","lineno":99}
{"timestamp":"2026-01-11T18:17:41.837844Z","level":"info","event":"Column product_height_cm (StringType()) in olist_products has 2 null values.","logger":"airflow.task.hooks.airflow.providers.standard.hooks.subprocess.SubprocessHook","filename":"subprocess.py","lineno":99}
{"timestamp":"2026-01-11T18:17:41.837925Z","level":"info","event":"____________________________________________________","logger":"airflow.task.hooks.airflow.providers.standard.hooks.subprocess.SubprocessHook","filename":"subprocess.py","lineno":99}
{"timestamp":"2026-01-11T18:17:41.837999Z","level":"info","event":"Column product_width_cm (StringType()) in olist_products has 2 null values.","logger":"airflow.task.hooks.airflow.providers.standard.hooks.subprocess.SubprocessHook","filename":"subprocess.py","lineno":99}
{"timestamp":"2026-01-11T18:17:41.838078Z","level":"info","event":"____________________________________________________","logger":"airflow.task.hooks.airflow.providers.standard.hooks.subprocess.SubprocessHook","filename":"subprocess.py","lineno":99}
{"timestamp":"2026-01-11T18:17:41.838148Z","level":"info","event":"Loaded olist_sellers with 3095 records.","logger":"airflow.task.hooks.airflow.providers.standard.hooks.subprocess.SubprocessHook","filename":"subprocess.py","lineno":99}
{"timestamp":"2026-01-11T18:17:41.838212Z","level":"info","event":"____________________________________________________","logger":"airflow.task.hooks.airflow.providers.standard.hooks.subprocess.SubprocessHook","filename":"subprocess.py","lineno":99}
{"timestamp":"2026-01-11T18:17:41.838276Z","level":"info","event":"Loaded product_category_name_translation with 71 records.","logger":"airflow.task.hooks.airflow.providers.standard.hooks.subprocess.SubprocessHook","filename":"subprocess.py","lineno":99}
{"timestamp":"2026-01-11T18:17:41.838406Z","level":"info","event":"____________________________________________________","logger":"airflow.task.hooks.airflow.providers.standard.hooks.subprocess.SubprocessHook","filename":"subprocess.py","lineno":99}
{"timestamp":"2026-01-11T18:17:41.838483Z","level":"info","event":"Total null values found across datasets: 184758","logger":"airflow.task.hooks.airflow.providers.standard.hooks.subprocess.SubprocessHook","filename":"subprocess.py","lineno":99}
{"timestamp":"2026-01-11T18:17:41.838551Z","level":"info","event":"Saved cleaned olist_customers to /opt/airflow/data/raw/olist_customers","logger":"airflow.task.hooks.airflow.providers.standard.hooks.subprocess.SubprocessHook","filename":"subprocess.py","lineno":99}
{"timestamp":"2026-01-11T18:17:41.838627Z","level":"info","event":"Saved cleaned olist_geolocation to /opt/airflow/data/raw/olist_geolocation","logger":"airflow.task.hooks.airflow.providers.standard.hooks.subprocess.SubprocessHook","filename":"subprocess.py","lineno":99}
{"timestamp":"2026-01-11T18:17:41.838706Z","level":"info","event":"Saved cleaned olist_order_items to /opt/airflow/data/raw/olist_order_items","logger":"airflow.task.hooks.airflow.providers.standard.hooks.subprocess.SubprocessHook","filename":"subprocess.py","lineno":99}
{"timestamp":"2026-01-11T18:17:41.838781Z","level":"info","event":"Saved cleaned olist_order_payments to /opt/airflow/data/raw/olist_order_payments","logger":"airflow.task.hooks.airflow.providers.standard.hooks.subprocess.SubprocessHook","filename":"subprocess.py","lineno":99}
{"timestamp":"2026-01-11T18:17:41.838861Z","level":"info","event":"Saved cleaned olist_order_reviews to /opt/airflow/data/raw/olist_order_reviews","logger":"airflow.task.hooks.airflow.providers.standard.hooks.subprocess.SubprocessHook","filename":"subprocess.py","lineno":99}
{"timestamp":"2026-01-11T18:17:41.838931Z","level":"info","event":"Saved cleaned olist_orders to /opt/airflow/data/raw/olist_orders","logger":"airflow.task.hooks.airflow.providers.standard.hooks.subprocess.SubprocessHook","filename":"subprocess.py","lineno":99}
{"timestamp":"2026-01-11T18:17:41.839003Z","level":"info","event":"Saved cleaned olist_products to /opt/airflow/data/raw/olist_products","logger":"airflow.task.hooks.airflow.providers.standard.hooks.subprocess.SubprocessHook","filename":"subprocess.py","lineno":99}
{"timestamp":"2026-01-11T18:17:41.839137Z","level":"info","event":"Saved cleaned olist_sellers to /opt/airflow/data/raw/olist_sellers","logger":"airflow.task.hooks.airflow.providers.standard.hooks.subprocess.SubprocessHook","filename":"subprocess.py","lineno":99}
{"timestamp":"2026-01-11T18:17:41.839227Z","level":"info","event":"Saved cleaned product_category_name_translation to /opt/airflow/data/raw/product_category_name_translation","logger":"airflow.task.hooks.airflow.providers.standard.hooks.subprocess.SubprocessHook","filename":"subprocess.py","lineno":99}
{"timestamp":"2026-01-11T18:17:41.839336Z","level":"info","event":"['olist_customers', 'olist_geolocation', 'olist_order_items', 'olist_order_payments', 'olist_order_reviews', 'olist_orders', 'olist_products', 'olist_sellers', 'product_category_name_translation']","logger":"airflow.task.hooks.airflow.providers.standard.hooks.subprocess.SubprocessHook","filename":"subprocess.py","lineno":99}
{"timestamp":"2026-01-11T18:17:42.597642Z","level":"info","event":"Command exited with return code 0","logger":"airflow.task.hooks.airflow.providers.standard.hooks.subprocess.SubprocessHook","filename":"subprocess.py","lineno":103}
{"timestamp":"2026-01-11T18:17:42.604525Z","level":"info","event":"Pushing xcom","ti":"RuntimeTaskInstance(id=UUID('019bae46-afc2-75e8-a02b-ad9d7f920c18'), task_id='extract_data', dag_id='olist_spark_pipeline', run_id='manual__2026-01-11T18:17:05+00:00', try_number=1, dag_version_id=UUID('019bae00-c717-7019-bc12-bc2d734b5007'), map_index=-1, hostname='ab0b248ee3f9', context_carrier={}, task=<Task(BashOperator): extract_data>, bundle_instance=LocalDagBundle(name=dags-folder), max_tries=0, start_date=datetime.datetime(2026, 1, 11, 18, 17, 7, 711916, tzinfo=datetime.timezone.utc), end_date=None, state=<TaskInstanceState.RUNNING: 'running'>, is_mapped=False, rendered_map_index=None)","logger":"task","filename":"task_runner.py","lineno":1370}
