{"timestamp":"2026-01-11T17:43:34.213946Z","level":"info","event":"DAG bundles loaded: dags-folder","logger":"airflow.dag_processing.bundles.manager.DagBundlesManager","filename":"manager.py","lineno":179}
{"timestamp":"2026-01-11T17:43:34.226673Z","level":"info","event":"Filling up the DagBag from /opt/airflow/dags/ecom_pipeline.py","logger":"airflow.models.dagbag.DagBag","filename":"dagbag.py","lineno":593}
{"timestamp":"2026-01-11T17:43:34.419539Z","level":"warning","event":"The `airflow.operators.bash.BashOperator` attribute is deprecated. Please use `'airflow.providers.standard.operators.bash.BashOperator'`.","category":"DeprecatedImportWarning","filename":"/opt/airflow/dags/ecom_pipeline.py","lineno":2,"logger":"py.warnings"}
{"timestamp":"2026-01-11T17:43:34.555565Z","level":"info","event":"Tmp dir root location: /tmp","logger":"airflow.task.hooks.airflow.providers.standard.hooks.subprocess.SubprocessHook","filename":"subprocess.py","lineno":78}
{"timestamp":"2026-01-11T17:43:34.561728Z","level":"info","event":"Running command: ['/usr/bin/bash', '-c', 'python3 /opt/airflow/src/extract.py']","logger":"airflow.task.hooks.airflow.providers.standard.hooks.subprocess.SubprocessHook","filename":"subprocess.py","lineno":80}
{"timestamp":"2026-01-11T17:43:34.564007Z","level":"info","event":"Output:","logger":"airflow.task.hooks.airflow.providers.standard.hooks.subprocess.SubprocessHook","filename":"subprocess.py","lineno":92}
{"timestamp":"2026-01-11T17:43:36.645411Z","level":"info","event":"Warning: Looks like you're using an outdated `kagglehub` version (installed: 0.3.13), please consider upgrading to the latest version (0.4.0).","logger":"airflow.task.hooks.airflow.providers.standard.hooks.subprocess.SubprocessHook","filename":"subprocess.py","lineno":99}
{"timestamp":"2026-01-11T17:43:40.355967Z","level":"info","event":"Setting default log level to \"WARN\".","logger":"airflow.task.hooks.airflow.providers.standard.hooks.subprocess.SubprocessHook","filename":"subprocess.py","lineno":99}
{"timestamp":"2026-01-11T17:43:40.365767Z","level":"info","event":"To adjust logging level use sc.setLogLevel(newLevel). For SparkR, use setLogLevel(newLevel).","logger":"airflow.task.hooks.airflow.providers.standard.hooks.subprocess.SubprocessHook","filename":"subprocess.py","lineno":99}
{"timestamp":"2026-01-11T17:43:40.677552Z","level":"info","event":"26/01/11 17:43:40 WARN NativeCodeLoader: Unable to load native-hadoop library for your platform... using builtin-java classes where applicable","logger":"airflow.task.hooks.airflow.providers.standard.hooks.subprocess.SubprocessHook","filename":"subprocess.py","lineno":99}
{"timestamp":"2026-01-11T17:44:27.352491Z","level":"info","event":"\r[Stage 0:>                                                          (0 + 1) / 1]\r\r                                                                                \r\r[Stage 4:===================>                                       (1 + 2) / 3]\r\r                                                                                \r\r[Stage 16:===================>                                      (1 + 2) / 3]\r\r                                                                                \r\r[Stage 35:>                                                         (0 + 7) / 7]\r\r[Stage 35:=========================================>                (5 + 2) / 7]\r\r                                                                                \r\r[Stage 193:>                                                        (0 + 7) / 7]\r\r[Stage 193:========>                                                (1 + 6) / 7]\r\r                                                                                \r\r[Stage 194:>                                                        (0 + 4) / 4]\r\r[Stage 194:==============>                                          (1 + 3) / 4]\r\r                                                                                \r\r[Stage 195:============================>                            (1 + 1) / 2]\r\r                                                                                \r\r[Stage 196:>                                                        (0 + 4) / 4]\r\r[Stage 196:==============>                                          (1 + 3) / 4]\r\r[Stage 196:============================>                            (2 + 2) / 4]\r\r                                                                                \r\r[Stage 197:===========>                                             (1 + 4) / 5]\r\r                                                                                \r\r[Stage 198:>                                                        (0 + 1) / 1]\r\r                                                                                \rPath to dataset files: /home/airflow/.cache/kagglehub/datasets/olistbr/brazilian-ecommerce/versions/2","logger":"airflow.task.hooks.airflow.providers.standard.hooks.subprocess.SubprocessHook","filename":"subprocess.py","lineno":99}
{"timestamp":"2026-01-11T17:44:27.366107Z","level":"info","event":"____________________________________________________","logger":"airflow.task.hooks.airflow.providers.standard.hooks.subprocess.SubprocessHook","filename":"subprocess.py","lineno":99}
{"timestamp":"2026-01-11T17:44:27.366706Z","level":"info","event":"Loaded olist_customers with 99441 records.","logger":"airflow.task.hooks.airflow.providers.standard.hooks.subprocess.SubprocessHook","filename":"subprocess.py","lineno":99}
{"timestamp":"2026-01-11T17:44:27.367027Z","level":"info","event":"____________________________________________________","logger":"airflow.task.hooks.airflow.providers.standard.hooks.subprocess.SubprocessHook","filename":"subprocess.py","lineno":99}
{"timestamp":"2026-01-11T17:44:27.367128Z","level":"info","event":"Loaded olist_geolocation with 1000163 records.","logger":"airflow.task.hooks.airflow.providers.standard.hooks.subprocess.SubprocessHook","filename":"subprocess.py","lineno":99}
{"timestamp":"2026-01-11T17:44:27.367577Z","level":"info","event":"____________________________________________________","logger":"airflow.task.hooks.airflow.providers.standard.hooks.subprocess.SubprocessHook","filename":"subprocess.py","lineno":99}
{"timestamp":"2026-01-11T17:44:27.367963Z","level":"info","event":"Loaded olist_order_items with 112650 records.","logger":"airflow.task.hooks.airflow.providers.standard.hooks.subprocess.SubprocessHook","filename":"subprocess.py","lineno":99}
{"timestamp":"2026-01-11T17:44:27.368054Z","level":"info","event":"____________________________________________________","logger":"airflow.task.hooks.airflow.providers.standard.hooks.subprocess.SubprocessHook","filename":"subprocess.py","lineno":99}
{"timestamp":"2026-01-11T17:44:27.368321Z","level":"info","event":"Loaded olist_order_payments with 103886 records.","logger":"airflow.task.hooks.airflow.providers.standard.hooks.subprocess.SubprocessHook","filename":"subprocess.py","lineno":99}
{"timestamp":"2026-01-11T17:44:27.368385Z","level":"info","event":"____________________________________________________","logger":"airflow.task.hooks.airflow.providers.standard.hooks.subprocess.SubprocessHook","filename":"subprocess.py","lineno":99}
{"timestamp":"2026-01-11T17:44:27.368600Z","level":"info","event":"Loaded olist_order_reviews with 104162 records.","logger":"airflow.task.hooks.airflow.providers.standard.hooks.subprocess.SubprocessHook","filename":"subprocess.py","lineno":99}
{"timestamp":"2026-01-11T17:44:27.368709Z","level":"info","event":"____________________________________________________","logger":"airflow.task.hooks.airflow.providers.standard.hooks.subprocess.SubprocessHook","filename":"subprocess.py","lineno":99}
{"timestamp":"2026-01-11T17:44:27.368750Z","level":"info","event":"Column review_id (StringType()) in olist_order_reviews has 1 null values.","logger":"airflow.task.hooks.airflow.providers.standard.hooks.subprocess.SubprocessHook","filename":"subprocess.py","lineno":99}
{"timestamp":"2026-01-11T17:44:27.369033Z","level":"info","event":"____________________________________________________","logger":"airflow.task.hooks.airflow.providers.standard.hooks.subprocess.SubprocessHook","filename":"subprocess.py","lineno":99}
{"timestamp":"2026-01-11T17:44:27.369057Z","level":"info","event":"Column order_id (StringType()) in olist_order_reviews has 2236 null values.","logger":"airflow.task.hooks.airflow.providers.standard.hooks.subprocess.SubprocessHook","filename":"subprocess.py","lineno":99}
{"timestamp":"2026-01-11T17:44:27.369133Z","level":"info","event":"____________________________________________________","logger":"airflow.task.hooks.airflow.providers.standard.hooks.subprocess.SubprocessHook","filename":"subprocess.py","lineno":99}
{"timestamp":"2026-01-11T17:44:27.369184Z","level":"info","event":"Column review_score (StringType()) in olist_order_reviews has 2380 null values.","logger":"airflow.task.hooks.airflow.providers.standard.hooks.subprocess.SubprocessHook","filename":"subprocess.py","lineno":99}
{"timestamp":"2026-01-11T17:44:27.369220Z","level":"info","event":"____________________________________________________","logger":"airflow.task.hooks.airflow.providers.standard.hooks.subprocess.SubprocessHook","filename":"subprocess.py","lineno":99}
{"timestamp":"2026-01-11T17:44:27.369242Z","level":"info","event":"Column review_comment_title (StringType()) in olist_order_reviews has 92157 null values.","logger":"airflow.task.hooks.airflow.providers.standard.hooks.subprocess.SubprocessHook","filename":"subprocess.py","lineno":99}
{"timestamp":"2026-01-11T17:44:27.369258Z","level":"info","event":"____________________________________________________","logger":"airflow.task.hooks.airflow.providers.standard.hooks.subprocess.SubprocessHook","filename":"subprocess.py","lineno":99}
{"timestamp":"2026-01-11T17:44:27.369530Z","level":"info","event":"Column review_comment_message (StringType()) in olist_order_reviews has 63079 null values.","logger":"airflow.task.hooks.airflow.providers.standard.hooks.subprocess.SubprocessHook","filename":"subprocess.py","lineno":99}
{"timestamp":"2026-01-11T17:44:27.369584Z","level":"info","event":"____________________________________________________","logger":"airflow.task.hooks.airflow.providers.standard.hooks.subprocess.SubprocessHook","filename":"subprocess.py","lineno":99}
{"timestamp":"2026-01-11T17:44:27.369627Z","level":"info","event":"Column review_creation_date (StringType()) in olist_order_reviews has 8764 null values.","logger":"airflow.task.hooks.airflow.providers.standard.hooks.subprocess.SubprocessHook","filename":"subprocess.py","lineno":99}
{"timestamp":"2026-01-11T17:44:27.369815Z","level":"info","event":"____________________________________________________","logger":"airflow.task.hooks.airflow.providers.standard.hooks.subprocess.SubprocessHook","filename":"subprocess.py","lineno":99}
{"timestamp":"2026-01-11T17:44:27.369980Z","level":"info","event":"Column review_answer_timestamp (StringType()) in olist_order_reviews has 8785 null values.","logger":"airflow.task.hooks.airflow.providers.standard.hooks.subprocess.SubprocessHook","filename":"subprocess.py","lineno":99}
{"timestamp":"2026-01-11T17:44:27.370064Z","level":"info","event":"____________________________________________________","logger":"airflow.task.hooks.airflow.providers.standard.hooks.subprocess.SubprocessHook","filename":"subprocess.py","lineno":99}
{"timestamp":"2026-01-11T17:44:27.370098Z","level":"info","event":"Loaded olist_orders with 99441 records.","logger":"airflow.task.hooks.airflow.providers.standard.hooks.subprocess.SubprocessHook","filename":"subprocess.py","lineno":99}
{"timestamp":"2026-01-11T17:44:27.370122Z","level":"info","event":"____________________________________________________","logger":"airflow.task.hooks.airflow.providers.standard.hooks.subprocess.SubprocessHook","filename":"subprocess.py","lineno":99}
{"timestamp":"2026-01-11T17:44:27.370138Z","level":"info","event":"Column order_approved_at (StringType()) in olist_orders has 160 null values.","logger":"airflow.task.hooks.airflow.providers.standard.hooks.subprocess.SubprocessHook","filename":"subprocess.py","lineno":99}
{"timestamp":"2026-01-11T17:44:27.370153Z","level":"info","event":"____________________________________________________","logger":"airflow.task.hooks.airflow.providers.standard.hooks.subprocess.SubprocessHook","filename":"subprocess.py","lineno":99}
{"timestamp":"2026-01-11T17:44:27.370180Z","level":"info","event":"Column order_delivered_carrier_date (StringType()) in olist_orders has 1783 null values.","logger":"airflow.task.hooks.airflow.providers.standard.hooks.subprocess.SubprocessHook","filename":"subprocess.py","lineno":99}
{"timestamp":"2026-01-11T17:44:27.370221Z","level":"info","event":"____________________________________________________","logger":"airflow.task.hooks.airflow.providers.standard.hooks.subprocess.SubprocessHook","filename":"subprocess.py","lineno":99}
{"timestamp":"2026-01-11T17:44:27.370262Z","level":"info","event":"Column order_delivered_customer_date (StringType()) in olist_orders has 2965 null values.","logger":"airflow.task.hooks.airflow.providers.standard.hooks.subprocess.SubprocessHook","filename":"subprocess.py","lineno":99}
{"timestamp":"2026-01-11T17:44:27.370296Z","level":"info","event":"____________________________________________________","logger":"airflow.task.hooks.airflow.providers.standard.hooks.subprocess.SubprocessHook","filename":"subprocess.py","lineno":99}
{"timestamp":"2026-01-11T17:44:27.370329Z","level":"info","event":"Loaded olist_products with 32951 records.","logger":"airflow.task.hooks.airflow.providers.standard.hooks.subprocess.SubprocessHook","filename":"subprocess.py","lineno":99}
{"timestamp":"2026-01-11T17:44:27.370529Z","level":"info","event":"____________________________________________________","logger":"airflow.task.hooks.airflow.providers.standard.hooks.subprocess.SubprocessHook","filename":"subprocess.py","lineno":99}
{"timestamp":"2026-01-11T17:44:27.370565Z","level":"info","event":"Column product_category_name (StringType()) in olist_products has 610 null values.","logger":"airflow.task.hooks.airflow.providers.standard.hooks.subprocess.SubprocessHook","filename":"subprocess.py","lineno":99}
{"timestamp":"2026-01-11T17:44:27.370584Z","level":"info","event":"____________________________________________________","logger":"airflow.task.hooks.airflow.providers.standard.hooks.subprocess.SubprocessHook","filename":"subprocess.py","lineno":99}
{"timestamp":"2026-01-11T17:44:27.370599Z","level":"info","event":"Column product_name_lenght (StringType()) in olist_products has 610 null values.","logger":"airflow.task.hooks.airflow.providers.standard.hooks.subprocess.SubprocessHook","filename":"subprocess.py","lineno":99}
{"timestamp":"2026-01-11T17:44:27.370617Z","level":"info","event":"____________________________________________________","logger":"airflow.task.hooks.airflow.providers.standard.hooks.subprocess.SubprocessHook","filename":"subprocess.py","lineno":99}
{"timestamp":"2026-01-11T17:44:27.370633Z","level":"info","event":"Column product_description_lenght (StringType()) in olist_products has 610 null values.","logger":"airflow.task.hooks.airflow.providers.standard.hooks.subprocess.SubprocessHook","filename":"subprocess.py","lineno":99}
{"timestamp":"2026-01-11T17:44:27.370668Z","level":"info","event":"____________________________________________________","logger":"airflow.task.hooks.airflow.providers.standard.hooks.subprocess.SubprocessHook","filename":"subprocess.py","lineno":99}
{"timestamp":"2026-01-11T17:44:27.370705Z","level":"info","event":"Column product_photos_qty (StringType()) in olist_products has 610 null values.","logger":"airflow.task.hooks.airflow.providers.standard.hooks.subprocess.SubprocessHook","filename":"subprocess.py","lineno":99}
{"timestamp":"2026-01-11T17:44:27.370742Z","level":"info","event":"____________________________________________________","logger":"airflow.task.hooks.airflow.providers.standard.hooks.subprocess.SubprocessHook","filename":"subprocess.py","lineno":99}
{"timestamp":"2026-01-11T17:44:27.370778Z","level":"info","event":"Column product_weight_g (StringType()) in olist_products has 2 null values.","logger":"airflow.task.hooks.airflow.providers.standard.hooks.subprocess.SubprocessHook","filename":"subprocess.py","lineno":99}
{"timestamp":"2026-01-11T17:44:27.370907Z","level":"info","event":"____________________________________________________","logger":"airflow.task.hooks.airflow.providers.standard.hooks.subprocess.SubprocessHook","filename":"subprocess.py","lineno":99}
{"timestamp":"2026-01-11T17:44:27.370946Z","level":"info","event":"Column product_length_cm (StringType()) in olist_products has 2 null values.","logger":"airflow.task.hooks.airflow.providers.standard.hooks.subprocess.SubprocessHook","filename":"subprocess.py","lineno":99}
{"timestamp":"2026-01-11T17:44:27.370966Z","level":"info","event":"____________________________________________________","logger":"airflow.task.hooks.airflow.providers.standard.hooks.subprocess.SubprocessHook","filename":"subprocess.py","lineno":99}
{"timestamp":"2026-01-11T17:44:27.370981Z","level":"info","event":"Column product_height_cm (StringType()) in olist_products has 2 null values.","logger":"airflow.task.hooks.airflow.providers.standard.hooks.subprocess.SubprocessHook","filename":"subprocess.py","lineno":99}
{"timestamp":"2026-01-11T17:44:27.371019Z","level":"info","event":"____________________________________________________","logger":"airflow.task.hooks.airflow.providers.standard.hooks.subprocess.SubprocessHook","filename":"subprocess.py","lineno":99}
{"timestamp":"2026-01-11T17:44:27.371056Z","level":"info","event":"Column product_width_cm (StringType()) in olist_products has 2 null values.","logger":"airflow.task.hooks.airflow.providers.standard.hooks.subprocess.SubprocessHook","filename":"subprocess.py","lineno":99}
{"timestamp":"2026-01-11T17:44:27.371087Z","level":"info","event":"____________________________________________________","logger":"airflow.task.hooks.airflow.providers.standard.hooks.subprocess.SubprocessHook","filename":"subprocess.py","lineno":99}
{"timestamp":"2026-01-11T17:44:27.371104Z","level":"info","event":"Loaded olist_sellers with 3095 records.","logger":"airflow.task.hooks.airflow.providers.standard.hooks.subprocess.SubprocessHook","filename":"subprocess.py","lineno":99}
{"timestamp":"2026-01-11T17:44:27.371135Z","level":"info","event":"____________________________________________________","logger":"airflow.task.hooks.airflow.providers.standard.hooks.subprocess.SubprocessHook","filename":"subprocess.py","lineno":99}
{"timestamp":"2026-01-11T17:44:27.371155Z","level":"info","event":"Loaded product_category_name_translation with 71 records.","logger":"airflow.task.hooks.airflow.providers.standard.hooks.subprocess.SubprocessHook","filename":"subprocess.py","lineno":99}
{"timestamp":"2026-01-11T17:44:27.371204Z","level":"info","event":"____________________________________________________","logger":"airflow.task.hooks.airflow.providers.standard.hooks.subprocess.SubprocessHook","filename":"subprocess.py","lineno":99}
{"timestamp":"2026-01-11T17:44:27.371237Z","level":"info","event":"Total null values found across datasets: 184758","logger":"airflow.task.hooks.airflow.providers.standard.hooks.subprocess.SubprocessHook","filename":"subprocess.py","lineno":99}
{"timestamp":"2026-01-11T17:44:27.371286Z","level":"info","event":"Saved cleaned olist_customers to /opt/airflow/data/raw/olist_customers","logger":"airflow.task.hooks.airflow.providers.standard.hooks.subprocess.SubprocessHook","filename":"subprocess.py","lineno":99}
{"timestamp":"2026-01-11T17:44:27.371310Z","level":"info","event":"Saved cleaned olist_geolocation to /opt/airflow/data/raw/olist_geolocation","logger":"airflow.task.hooks.airflow.providers.standard.hooks.subprocess.SubprocessHook","filename":"subprocess.py","lineno":99}
{"timestamp":"2026-01-11T17:44:27.371329Z","level":"info","event":"Saved cleaned olist_order_items to /opt/airflow/data/raw/olist_order_items","logger":"airflow.task.hooks.airflow.providers.standard.hooks.subprocess.SubprocessHook","filename":"subprocess.py","lineno":99}
{"timestamp":"2026-01-11T17:44:27.371356Z","level":"info","event":"Saved cleaned olist_order_payments to /opt/airflow/data/raw/olist_order_payments","logger":"airflow.task.hooks.airflow.providers.standard.hooks.subprocess.SubprocessHook","filename":"subprocess.py","lineno":99}
{"timestamp":"2026-01-11T17:44:27.371389Z","level":"info","event":"Saved cleaned olist_order_reviews to /opt/airflow/data/raw/olist_order_reviews","logger":"airflow.task.hooks.airflow.providers.standard.hooks.subprocess.SubprocessHook","filename":"subprocess.py","lineno":99}
{"timestamp":"2026-01-11T17:44:27.371422Z","level":"info","event":"Saved cleaned olist_orders to /opt/airflow/data/raw/olist_orders","logger":"airflow.task.hooks.airflow.providers.standard.hooks.subprocess.SubprocessHook","filename":"subprocess.py","lineno":99}
{"timestamp":"2026-01-11T17:44:27.371444Z","level":"info","event":"Saved cleaned olist_products to /opt/airflow/data/raw/olist_products","logger":"airflow.task.hooks.airflow.providers.standard.hooks.subprocess.SubprocessHook","filename":"subprocess.py","lineno":99}
{"timestamp":"2026-01-11T17:44:27.371500Z","level":"info","event":"Saved cleaned olist_sellers to /opt/airflow/data/raw/olist_sellers","logger":"airflow.task.hooks.airflow.providers.standard.hooks.subprocess.SubprocessHook","filename":"subprocess.py","lineno":99}
{"timestamp":"2026-01-11T17:44:27.371559Z","level":"info","event":"Saved cleaned product_category_name_translation to /opt/airflow/data/raw/product_category_name_translation","logger":"airflow.task.hooks.airflow.providers.standard.hooks.subprocess.SubprocessHook","filename":"subprocess.py","lineno":99}
{"timestamp":"2026-01-11T17:44:27.372052Z","level":"info","event":"['olist_customers', 'olist_geolocation', 'olist_order_items', 'olist_order_payments', 'olist_order_reviews', 'olist_orders', 'olist_products', 'olist_sellers', 'product_category_name_translation']","logger":"airflow.task.hooks.airflow.providers.standard.hooks.subprocess.SubprocessHook","filename":"subprocess.py","lineno":99}
{"timestamp":"2026-01-11T17:44:28.802587Z","level":"info","event":"Command exited with return code 0","logger":"airflow.task.hooks.airflow.providers.standard.hooks.subprocess.SubprocessHook","filename":"subprocess.py","lineno":103}
{"timestamp":"2026-01-11T17:44:28.918496Z","level":"info","event":"Pushing xcom","ti":"RuntimeTaskInstance(id=UUID('019bae27-eb8b-7658-b044-1c8908a2bf64'), task_id='extract_data', dag_id='olist_spark_pipeline', run_id='manual__2026-01-11T17:43:28+00:00', try_number=1, dag_version_id=UUID('019bae00-c717-7019-bc12-bc2d734b5007'), map_index=-1, hostname='ece81df86e74', context_carrier={}, task=<Task(BashOperator): extract_data>, bundle_instance=LocalDagBundle(name=dags-folder), max_tries=0, start_date=datetime.datetime(2026, 1, 11, 17, 43, 33, 568946, tzinfo=datetime.timezone.utc), end_date=None, state=<TaskInstanceState.RUNNING: 'running'>, is_mapped=False, rendered_map_index=None)","logger":"task","filename":"task_runner.py","lineno":1370}
