{"timestamp":"2026-01-11T18:18:29.236512Z","level":"info","event":"DAG bundles loaded: dags-folder","logger":"airflow.dag_processing.bundles.manager.DagBundlesManager","filename":"manager.py","lineno":179}
{"timestamp":"2026-01-11T18:18:29.239677Z","level":"info","event":"Filling up the DagBag from /opt/airflow/dags/ecom_pipeline.py","logger":"airflow.models.dagbag.DagBag","filename":"dagbag.py","lineno":593}
{"timestamp":"2026-01-11T18:18:29.269842Z","level":"warning","event":"The `airflow.operators.bash.BashOperator` attribute is deprecated. Please use `'airflow.providers.standard.operators.bash.BashOperator'`.","category":"DeprecatedImportWarning","filename":"/opt/airflow/dags/ecom_pipeline.py","lineno":2,"logger":"py.warnings"}
{"timestamp":"2026-01-11T18:18:29.328685Z","level":"info","event":"Tmp dir root location: /tmp","logger":"airflow.task.hooks.airflow.providers.standard.hooks.subprocess.SubprocessHook","filename":"subprocess.py","lineno":78}
{"timestamp":"2026-01-11T18:18:29.331860Z","level":"info","event":"Running command: ['/usr/bin/bash', '-c', 'python3 /opt/airflow/src/load_to_dwh.py']","logger":"airflow.task.hooks.airflow.providers.standard.hooks.subprocess.SubprocessHook","filename":"subprocess.py","lineno":80}
{"timestamp":"2026-01-11T18:18:29.333996Z","level":"info","event":"Output:","logger":"airflow.task.hooks.airflow.providers.standard.hooks.subprocess.SubprocessHook","filename":"subprocess.py","lineno":92}
{"timestamp":"2026-01-11T18:18:33.350183Z","level":"info","event":"Setting default log level to \"WARN\".","logger":"airflow.task.hooks.airflow.providers.standard.hooks.subprocess.SubprocessHook","filename":"subprocess.py","lineno":99}
{"timestamp":"2026-01-11T18:18:33.353952Z","level":"info","event":"To adjust logging level use sc.setLogLevel(newLevel). For SparkR, use setLogLevel(newLevel).","logger":"airflow.task.hooks.airflow.providers.standard.hooks.subprocess.SubprocessHook","filename":"subprocess.py","lineno":99}
{"timestamp":"2026-01-11T18:18:33.548549Z","level":"info","event":"26/01/11 18:18:33 WARN NativeCodeLoader: Unable to load native-hadoop library for your platform... using builtin-java classes where applicable","logger":"airflow.task.hooks.airflow.providers.standard.hooks.subprocess.SubprocessHook","filename":"subprocess.py","lineno":99}
{"timestamp":"2026-01-11T18:23:53.666702Z","level":"info","event":"\r[Stage 1:>                                                          (0 + 7) / 7]\r\r                                                                                \r____________________________________________________","logger":"airflow.task.hooks.airflow.providers.standard.hooks.subprocess.SubprocessHook","filename":"subprocess.py","lineno":99}
{"timestamp":"2026-01-11T18:23:53.674245Z","level":"info","event":"Loaded dim_geolocation with 1000163 records for loading.","logger":"airflow.task.hooks.airflow.providers.standard.hooks.subprocess.SubprocessHook","filename":"subprocess.py","lineno":99}
{"timestamp":"2026-01-11T18:23:53.674395Z","level":"info","event":"Schema for dim_geolocation:","logger":"airflow.task.hooks.airflow.providers.standard.hooks.subprocess.SubprocessHook","filename":"subprocess.py","lineno":99}
{"timestamp":"2026-01-11T18:23:53.674662Z","level":"info","event":"StructType([StructField('geolocation_zip_code_prefix', StringType(), True), StructField('geolocation_lat', DoubleType(), True), StructField('geolocation_lng', DoubleType(), True), StructField('geolocation_city', StringType(), True), StructField('geolocation_state', StringType(), True)])","logger":"airflow.task.hooks.airflow.providers.standard.hooks.subprocess.SubprocessHook","filename":"subprocess.py","lineno":99}
{"timestamp":"2026-01-11T18:23:53.674769Z","level":"info","event":"____________________________________________________","logger":"airflow.task.hooks.airflow.providers.standard.hooks.subprocess.SubprocessHook","filename":"subprocess.py","lineno":99}
{"timestamp":"2026-01-11T18:23:53.674901Z","level":"info","event":"Loaded dim_sellers with 3095 records for loading.","logger":"airflow.task.hooks.airflow.providers.standard.hooks.subprocess.SubprocessHook","filename":"subprocess.py","lineno":99}
{"timestamp":"2026-01-11T18:23:53.674974Z","level":"info","event":"Schema for dim_sellers:","logger":"airflow.task.hooks.airflow.providers.standard.hooks.subprocess.SubprocessHook","filename":"subprocess.py","lineno":99}
{"timestamp":"2026-01-11T18:23:53.675029Z","level":"info","event":"StructType([StructField('seller_id', BooleanType(), True), StructField('seller_zip_code_prefix', StringType(), True), StructField('seller_city', StringType(), True), StructField('seller_state', StringType(), True)])","logger":"airflow.task.hooks.airflow.providers.standard.hooks.subprocess.SubprocessHook","filename":"subprocess.py","lineno":99}
{"timestamp":"2026-01-11T18:23:53.675219Z","level":"info","event":"____________________________________________________","logger":"airflow.task.hooks.airflow.providers.standard.hooks.subprocess.SubprocessHook","filename":"subprocess.py","lineno":99}
{"timestamp":"2026-01-11T18:23:53.675309Z","level":"info","event":"Loaded fact_reviews with 104162 records for loading.","logger":"airflow.task.hooks.airflow.providers.standard.hooks.subprocess.SubprocessHook","filename":"subprocess.py","lineno":99}
{"timestamp":"2026-01-11T18:23:53.675378Z","level":"info","event":"Schema for fact_reviews:","logger":"airflow.task.hooks.airflow.providers.standard.hooks.subprocess.SubprocessHook","filename":"subprocess.py","lineno":99}
{"timestamp":"2026-01-11T18:23:53.675712Z","level":"info","event":"StructType([StructField('review_id', StringType(), True), StructField('has_review', IntegerType(), True), StructField('review_score', IntegerType(), True), StructField('review_comment_title', StringType(), True), StructField('review_comment_message', StringType(), True), StructField('review_creation_date', TimestampType(), True), StructField('review_answer_timestamp', TimestampType(), True)])","logger":"airflow.task.hooks.airflow.providers.standard.hooks.subprocess.SubprocessHook","filename":"subprocess.py","lineno":99}
{"timestamp":"2026-01-11T18:23:53.676118Z","level":"info","event":"____________________________________________________","logger":"airflow.task.hooks.airflow.providers.standard.hooks.subprocess.SubprocessHook","filename":"subprocess.py","lineno":99}
{"timestamp":"2026-01-11T18:23:53.676187Z","level":"info","event":"Loaded dim_customers with 99441 records for loading.","logger":"airflow.task.hooks.airflow.providers.standard.hooks.subprocess.SubprocessHook","filename":"subprocess.py","lineno":99}
{"timestamp":"2026-01-11T18:23:53.676263Z","level":"info","event":"Schema for dim_customers:","logger":"airflow.task.hooks.airflow.providers.standard.hooks.subprocess.SubprocessHook","filename":"subprocess.py","lineno":99}
{"timestamp":"2026-01-11T18:23:53.676321Z","level":"info","event":"StructType([StructField('customer_id', BooleanType(), True), StructField('customer_unique_id', StringType(), True), StructField('customer_zip_code_prefix', StringType(), True), StructField('customer_city', StringType(), True), StructField('customer_state', StringType(), True)])","logger":"airflow.task.hooks.airflow.providers.standard.hooks.subprocess.SubprocessHook","filename":"subprocess.py","lineno":99}
{"timestamp":"2026-01-11T18:23:53.676424Z","level":"info","event":"____________________________________________________","logger":"airflow.task.hooks.airflow.providers.standard.hooks.subprocess.SubprocessHook","filename":"subprocess.py","lineno":99}
{"timestamp":"2026-01-11T18:23:53.676515Z","level":"info","event":"Loaded fact_payments with 103886 records for loading.","logger":"airflow.task.hooks.airflow.providers.standard.hooks.subprocess.SubprocessHook","filename":"subprocess.py","lineno":99}
{"timestamp":"2026-01-11T18:23:53.676589Z","level":"info","event":"Schema for fact_payments:","logger":"airflow.task.hooks.airflow.providers.standard.hooks.subprocess.SubprocessHook","filename":"subprocess.py","lineno":99}
{"timestamp":"2026-01-11T18:23:53.676660Z","level":"info","event":"StructType([StructField('order_id', BooleanType(), True), StructField('payment_sequential', IntegerType(), True), StructField('payment_type', StringType(), True), StructField('payment_installments', IntegerType(), True), StructField('payment_value', DoubleType(), True)])","logger":"airflow.task.hooks.airflow.providers.standard.hooks.subprocess.SubprocessHook","filename":"subprocess.py","lineno":99}
{"timestamp":"2026-01-11T18:23:53.676706Z","level":"info","event":"____________________________________________________","logger":"airflow.task.hooks.airflow.providers.standard.hooks.subprocess.SubprocessHook","filename":"subprocess.py","lineno":99}
{"timestamp":"2026-01-11T18:23:53.676852Z","level":"info","event":"Loaded dim_last_order_date with 99441 records for loading.","logger":"airflow.task.hooks.airflow.providers.standard.hooks.subprocess.SubprocessHook","filename":"subprocess.py","lineno":99}
{"timestamp":"2026-01-11T18:23:53.677279Z","level":"info","event":"Schema for dim_last_order_date:","logger":"airflow.task.hooks.airflow.providers.standard.hooks.subprocess.SubprocessHook","filename":"subprocess.py","lineno":99}
{"timestamp":"2026-01-11T18:23:53.677346Z","level":"info","event":"StructType([StructField('customer_id', StringType(), True), StructField('last_order_date', TimestampType(), True)])","logger":"airflow.task.hooks.airflow.providers.standard.hooks.subprocess.SubprocessHook","filename":"subprocess.py","lineno":99}
{"timestamp":"2026-01-11T18:23:53.677503Z","level":"info","event":"____________________________________________________","logger":"airflow.task.hooks.airflow.providers.standard.hooks.subprocess.SubprocessHook","filename":"subprocess.py","lineno":99}
{"timestamp":"2026-01-11T18:23:53.677702Z","level":"info","event":"Loaded fact_order_items with 112650 records for loading.","logger":"airflow.task.hooks.airflow.providers.standard.hooks.subprocess.SubprocessHook","filename":"subprocess.py","lineno":99}
{"timestamp":"2026-01-11T18:23:53.677804Z","level":"info","event":"Schema for fact_order_items:","logger":"airflow.task.hooks.airflow.providers.standard.hooks.subprocess.SubprocessHook","filename":"subprocess.py","lineno":99}
{"timestamp":"2026-01-11T18:23:53.678128Z","level":"info","event":"StructType([StructField('order_id', BooleanType(), True), StructField('order_item_id', StringType(), True), StructField('product_id', StringType(), True), StructField('seller_id', StringType(), True), StructField('shipping_limit_date', StringType(), True), StructField('price', DoubleType(), True), StructField('freight_value', DoubleType(), True)])","logger":"airflow.task.hooks.airflow.providers.standard.hooks.subprocess.SubprocessHook","filename":"subprocess.py","lineno":99}
{"timestamp":"2026-01-11T18:23:53.678406Z","level":"info","event":"____________________________________________________","logger":"airflow.task.hooks.airflow.providers.standard.hooks.subprocess.SubprocessHook","filename":"subprocess.py","lineno":99}
{"timestamp":"2026-01-11T18:23:53.678489Z","level":"info","event":"Loaded fact_orders with 99441 records for loading.","logger":"airflow.task.hooks.airflow.providers.standard.hooks.subprocess.SubprocessHook","filename":"subprocess.py","lineno":99}
{"timestamp":"2026-01-11T18:23:53.678530Z","level":"info","event":"Schema for fact_orders:","logger":"airflow.task.hooks.airflow.providers.standard.hooks.subprocess.SubprocessHook","filename":"subprocess.py","lineno":99}
{"timestamp":"2026-01-11T18:23:53.678786Z","level":"info","event":"StructType([StructField('order_id', BooleanType(), True), StructField('customer_id', StringType(), True), StructField('order_status', StringType(), True), StructField('order_purchase_timestamp', TimestampType(), True), StructField('order_approved_at', TimestampType(), True), StructField('order_delivered_carrier_date', TimestampType(), True), StructField('order_delivered_customer_date', TimestampType(), True), StructField('order_estimated_delivery_date', TimestampType(), True), StructField('is_delivered', IntegerType(), True)])","logger":"airflow.task.hooks.airflow.providers.standard.hooks.subprocess.SubprocessHook","filename":"subprocess.py","lineno":99}
{"timestamp":"2026-01-11T18:23:53.678953Z","level":"info","event":"____________________________________________________","logger":"airflow.task.hooks.airflow.providers.standard.hooks.subprocess.SubprocessHook","filename":"subprocess.py","lineno":99}
{"timestamp":"2026-01-11T18:23:53.679096Z","level":"info","event":"Loaded dim_products with 32951 records for loading.","logger":"airflow.task.hooks.airflow.providers.standard.hooks.subprocess.SubprocessHook","filename":"subprocess.py","lineno":99}
{"timestamp":"2026-01-11T18:23:53.679208Z","level":"info","event":"Schema for dim_products:","logger":"airflow.task.hooks.airflow.providers.standard.hooks.subprocess.SubprocessHook","filename":"subprocess.py","lineno":99}
{"timestamp":"2026-01-11T18:23:53.679661Z","level":"info","event":"StructType([StructField('product_id', BooleanType(), True), StructField('product_category_name', StringType(), True), StructField('product_name_lenght', IntegerType(), True), StructField('product_description_lenght', IntegerType(), True), StructField('product_photos_qty', IntegerType(), True), StructField('product_weight_g', DoubleType(), True), StructField('product_length_cm', DoubleType(), True), StructField('product_height_cm', DoubleType(), True), StructField('product_width_cm', DoubleType(), True)])","logger":"airflow.task.hooks.airflow.providers.standard.hooks.subprocess.SubprocessHook","filename":"subprocess.py","lineno":99}
{"timestamp":"2026-01-11T18:23:53.679854Z","level":"info","event":"Loaded dim_geolocation to Supabase Postgres.","logger":"airflow.task.hooks.airflow.providers.standard.hooks.subprocess.SubprocessHook","filename":"subprocess.py","lineno":99}
{"timestamp":"2026-01-11T18:23:53.679903Z","level":"info","event":"Loaded dim_sellers to Supabase Postgres.","logger":"airflow.task.hooks.airflow.providers.standard.hooks.subprocess.SubprocessHook","filename":"subprocess.py","lineno":99}
{"timestamp":"2026-01-11T18:23:53.680001Z","level":"info","event":"Loaded fact_reviews to Supabase Postgres.","logger":"airflow.task.hooks.airflow.providers.standard.hooks.subprocess.SubprocessHook","filename":"subprocess.py","lineno":99}
{"timestamp":"2026-01-11T18:23:53.680219Z","level":"info","event":"Loaded dim_customers to Supabase Postgres.","logger":"airflow.task.hooks.airflow.providers.standard.hooks.subprocess.SubprocessHook","filename":"subprocess.py","lineno":99}
{"timestamp":"2026-01-11T18:23:53.680598Z","level":"info","event":"Loaded fact_payments to Supabase Postgres.","logger":"airflow.task.hooks.airflow.providers.standard.hooks.subprocess.SubprocessHook","filename":"subprocess.py","lineno":99}
{"timestamp":"2026-01-11T18:23:53.680673Z","level":"info","event":"Loaded dim_last_order_date to Supabase Postgres.","logger":"airflow.task.hooks.airflow.providers.standard.hooks.subprocess.SubprocessHook","filename":"subprocess.py","lineno":99}
{"timestamp":"2026-01-11T18:23:53.680732Z","level":"info","event":"Loaded fact_order_items to Supabase Postgres.","logger":"airflow.task.hooks.airflow.providers.standard.hooks.subprocess.SubprocessHook","filename":"subprocess.py","lineno":99}
{"timestamp":"2026-01-11T18:23:53.680838Z","level":"info","event":"Loaded fact_orders to Supabase Postgres.","logger":"airflow.task.hooks.airflow.providers.standard.hooks.subprocess.SubprocessHook","filename":"subprocess.py","lineno":99}
{"timestamp":"2026-01-11T18:23:53.680897Z","level":"info","event":"Loaded dim_products to Supabase Postgres.","logger":"airflow.task.hooks.airflow.providers.standard.hooks.subprocess.SubprocessHook","filename":"subprocess.py","lineno":99}
{"timestamp":"2026-01-11T18:23:53.680973Z","level":"info","event":"____________________________________________________","logger":"airflow.task.hooks.airflow.providers.standard.hooks.subprocess.SubprocessHook","filename":"subprocess.py","lineno":99}
{"timestamp":"2026-01-11T18:23:53.681030Z","level":"info","event":"Data loading to DWH completed successfully.","logger":"airflow.task.hooks.airflow.providers.standard.hooks.subprocess.SubprocessHook","filename":"subprocess.py","lineno":99}
{"timestamp":"2026-01-11T18:23:54.590845Z","level":"info","event":"Command exited with return code 0","logger":"airflow.task.hooks.airflow.providers.standard.hooks.subprocess.SubprocessHook","filename":"subprocess.py","lineno":103}
{"timestamp":"2026-01-11T18:23:54.605509Z","level":"info","event":"Pushing xcom","ti":"RuntimeTaskInstance(id=UUID('019bae46-afc5-70c3-ae36-9a8323eacda6'), task_id='load_to_dwh', dag_id='olist_spark_pipeline', run_id='manual__2026-01-11T18:17:05+00:00', try_number=1, dag_version_id=UUID('019bae00-c717-7019-bc12-bc2d734b5007'), map_index=-1, hostname='ab0b248ee3f9', context_carrier={}, task=<Task(BashOperator): load_to_dwh>, bundle_instance=LocalDagBundle(name=dags-folder), max_tries=0, start_date=datetime.datetime(2026, 1, 11, 18, 18, 29, 95616, tzinfo=datetime.timezone.utc), end_date=None, state=<TaskInstanceState.RUNNING: 'running'>, is_mapped=False, rendered_map_index=None)","logger":"task","filename":"task_runner.py","lineno":1370}
